ev 1 0 RUN frames=256 vol=RAM: build=f7f28c1
ev 2 2 SKIN installed=4 dir=SYS:Classes/ReIncarnation/Mods/
ev 3 2 SKIN sync=0 zoom=0 current=Classic
ev 4 10 SONG fail Vk4aros:ReIncarnation/songs/zombie-nation.rbng
ev 5 10 SONG fail Vk4aros:ReIncarnation/songs/local/zombie-nation.rbng
ev 6 11 PAT c=1 inst=0 sel=1
ev 7 12 PAT c=2 inst=1 sel=0
ev 8 12 PAT c=3 inst=2 sel=0
ev 9 12 PAT c=4 inst=3 sel=1
ev 10 12 PAT c=5 inst=4 sel=0
ev 11 15 SONG load Vk4aros:ReIncarnation/songs/local/zombie-nation/zombie-nation.rbng bars=151 bpm=140
ev 12 15 TR PLAY
ev 13 8117 MIDI push=44
ev 14 8117 MIDI intent=1 seek=0
ev 15 8117 MIDI locate=0
ev 16 8765 MIDI follow=60bpm eng=775 exp=348 err=4294966869 f8=87/87 drop=0,0,0 t=1133195185.440
ev 17 9071 MIDI follow=61bpm eng=775 exp=512 err=4294967033 f8=128/128 drop=0,0,0 t=1133195187.071
ev 18 9387 MIDI follow=62bpm eng=775 exp=680 err=4294967201 f8=170/170 drop=0,0,0 t=1133195188.755
ev 19 9621 MIDI follow=63bpm eng=796 exp=808 err=12 f8=202/202 drop=0,0,0 t=1133195190.002
ev 20 9845 MIDI follow=63bpm eng=915 exp=928 err=13 f8=232/232 drop=0,0,0 t=1133195191.197
ev 21 10038 MIDI follow=63bpm eng=1017 exp=1032 err=15 f8=258/258 drop=0,0,0 t=1133195192.225
ev 22 10344 MIDI follow=62bpm eng=1189 exp=1192 err=3 f8=298/298 drop=0,0,0 t=1133195193.856
ev 23 10533 MIDI follow=63bpm eng=1279 exp=1296 err=17 f8=324/324 drop=0,0,0 t=1133195194.864
ev 24 10837 MIDI follow=63bpm eng=1453 exp=1456 err=3 f8=364/364 drop=0,0,0 t=1133195196.482
ev 25 11120 MIDI follow=62bpm eng=1615 exp=1608 err=4294967289 f8=402/402 drop=0,0,0 t=1133195197.990
ev 26 11513 MIDI follow=63bpm eng=1797 exp=1816 err=19 f8=454/454 drop=0,0,0 t=1133195200.085
ev 27 11990 MIDI follow=63bpm eng=2050 exp=2072 err=22 f8=518/518 drop=0,0,0 t=1133195202.627
ev 28 12309 MIDI follow=62bpm eng=2236 exp=2240 err=4 f8=560/560 drop=0,0,0 t=1133195204.328
ev 29 12628 MIDI follow=62bpm eng=2405 exp=2412 err=7 f8=603/603 drop=0,0,0 t=1133195206.027
ev 30 12944 MIDI follow=63bpm eng=2554 exp=2580 err=26 f8=645/645 drop=0,0,0 t=1133195207.711
ev 31 13200 MIDI follow=62bpm eng=2733 exp=2716 err=4294967279 f8=679/679 drop=0,0,0 t=1133195209.074
ev 32 13440 MIDI follow=63bpm eng=2817 exp=2844 err=27 f8=711/711 drop=0,0,0 t=1133195210.353
ev 33 13752 MIDI follow=63bpm eng=2982 exp=3012 err=30 f8=753/753 drop=0,0,0 t=1133195212.019
ev 34 14075 MIDI follow=62bpm eng=3186 exp=3180 err=4294967290 f8=795/795 drop=0,0,0 t=1133195213.737
ev 35 14379 MIDI follow=62bpm eng=3341 exp=3344 err=3 f8=836/836 drop=0,0,0 t=1133195215.358
ev 36 14723 MIDI follow=63bpm eng=3496 exp=3528 err=32 f8=882/882 drop=0,0,0 t=1133195217.191
ev 37 15048 MIDI follow=62bpm eng=3727 exp=3700 err=4294967269 f8=925/925 drop=0,0,0 t=1133195218.923
ev 38 15288 MIDI follow=63bpm eng=3794 exp=3828 err=34 f8=957/957 drop=0,0,0 t=1133195220.202
ev 39 15677 MIDI follow=62bpm eng=4065 exp=4036 err=4294967267 f8=1009/1009 drop=0,0,0 t=1133195222.275
ev 40 16002 MIDI follow=62bpm eng=4239 exp=4208 err=4294967265 f8=1052/1052 drop=0,0,0 t=1133195224.006
ev 41 16306 MIDI follow=63bpm eng=4395 exp=4368 err=4294967269 f8=1092/1092 drop=0,0,0 t=1133195225.627
ev 42 16719 MIDI follow=63bpm eng=4552 exp=4592 err=40 f8=1148/1148 drop=0,0,0 t=1133195227.827
ev 43 17048 MIDI follow=62bpm eng=4802 exp=4768 err=4294967262 f8=1192/1192 drop=0,0,0 t=1133195229.581
ev 44 17373 MIDI follow=62bpm eng=4936 exp=4940 err=4 f8=1235/1235 drop=0,0,0 t=1133195231.313
ev 45 17613 MIDI follow=63bpm eng=5025 exp=5068 err=43 f8=1267/1267 drop=0,0,0 t=1133195232.592
ev 46 17866 MIDI follow=62bpm eng=5242 exp=5204 err=4294967258 f8=1301/1301 drop=0,0,0 t=1133195233.940
ev 47 18266 MIDI follow=62bpm eng=5457 exp=5416 err=4294967255 f8=1354/1354 drop=0,0,0 t=1133195236.072
ev 48 18570 MIDI follow=62bpm eng=5581 exp=5576 err=4294967291 f8=1394/1394 drop=0,0,0 t=1133195237.691
ev 49 18886 MIDI follow=62bpm eng=5746 exp=5744 err=4294967294 f8=1436/1436 drop=0,0,0 t=1133195239.376
ev 50 19234 MIDI follow=63bpm eng=5882 exp=5932 err=50 f8=1483/1483 drop=0,0,0 t=1133195241.230
ev 51 19668 MIDI follow=63bpm eng=6112 exp=6164 err=52 f8=1541/1541 drop=0,0,0 t=1133195243.543
ev 52 20067 MIDI follow=63bpm eng=6323 exp=6376 err=53 f8=1594/1594 drop=0,0,0 t=1133195245.669
ev 53 20390 MIDI follow=63bpm eng=6541 exp=6548 err=7 f8=1637/1637 drop=0,0,0 t=1133195247.390
ev 54 20788 MIDI follow=62bpm eng=6812 exp=6760 err=4294967244 f8=1690/1690 drop=0,0,0 t=1133195249.511
ev 55 21111 MIDI follow=62bpm eng=6922 exp=6932 err=10 f8=1733/1733 drop=0,0,0 t=1133195251.232
ev 56 21683 MIDI follow=62bpm eng=7294 exp=7236 err=4294967238 f8=1809/1809 drop=0,0,0 t=1133195254.281
ev 57 21929 MIDI follow=63bpm eng=7308 exp=7368 err=60 f8=1842/1842 drop=0,0,0 t=1133195255.591
ev 58 22328 MIDI follow=63bpm eng=7519 exp=7580 err=61 f8=1895/1895 drop=0,0,0 t=1133195257.718
ev 59 22552 MIDI follow=63bpm eng=7641 exp=7700 err=59 f8=1925/1925 drop=0,0,0 t=1133195258.912
ev 60 22988 MIDI follow=63bpm eng=7868 exp=7932 err=64 f8=1983/1983 drop=0,0,0 t=1133195261.235
ev 61 23301 MIDI follow=63bpm eng=8034 exp=8100 err=66 f8=2025/2025 drop=0,0,0 t=1133195262.903
ev 62 23606 MIDI follow=62bpm eng=8271 exp=8260 err=4294967285 f8=2065/2065 drop=0,0,0 t=1133195264.529
ev 63 24097 MIDI follow=63bpm eng=8455 exp=8524 err=69 f8=2131/2131 drop=0,0,0 t=1133195267.145
ev 64 24539 MIDI follow=62bpm eng=8829 exp=8756 err=4294967223 f8=2189/2189 drop=0,0,0 t=1133195269.500
ev 65 24896 MIDI follow=63bpm eng=8878 exp=8948 err=70 f8=2237/2237 drop=0,0,0 t=1133195271.403
ev 66 25225 MIDI follow=63bpm eng=9084 exp=9124 err=40 f8=2281/2281 drop=0,0,0 t=1133195273.156
ev 67 25682 MIDI follow=62bpm eng=9443 exp=9368 err=4294967221 f8=2342/2342 drop=0,0,0 t=1133195275.592
ev 68 25996 MIDI follow=62bpm eng=9580 exp=9532 err=4294967248 f8=2383/2383 drop=0,0,0 t=1133195277.267
ev 69 26308 MIDI follow=63bpm eng=9691 exp=9700 err=9 f8=2425/2425 drop=0,0,0 t=1133195278.927
ev 70 26611 MIDI follow=62bpm eng=9878 exp=9860 err=4294967278 f8=2465/2465 drop=0,0,0 t=1133195280.544
ev 71 28355 MIDI follow=62bpm eng=10880 exp=10792 err=4294967208 f8=2698/2698 drop=0,0,0 t=1133195289.836
ev 72 28633 MIDI follow=63bpm eng=10880 exp=10944 err=64 f8=2736/2736 drop=0,0,0 t=1133195291.318
ev 73 29073 MIDI follow=63bpm eng=11088 exp=11180 err=92 f8=2795/2795 drop=0,0,0 t=1133195293.662
ev 74 29393 MIDI follow=63bpm eng=11344 exp=11348 err=4 f8=2837/2837 drop=0,0,0 t=1133195295.367
ev 75 29745 MIDI follow=63bpm eng=11443 exp=11536 err=93 f8=2884/2884 drop=0,0,0 t=1133195297.243
ev 76 30134 MIDI follow=63bpm eng=11706 exp=11744 err=38 f8=2936/2936 drop=0,0,0 t=1133195299.317
ev 77 30630 MIDI follow=61bpm eng=12103 exp=12008 err=4294967201 f8=3002/3002 drop=0,0,0 t=1133195301.960
ev 78 31293 MIDI follow=61bpm eng=12460 exp=12360 err=4294967196 f8=3090/3090 drop=0,0,0 t=1133195305.493
ev 79 31596 MIDI follow=62bpm eng=12520 exp=12520 err=0 f8=3130/3130 drop=0,0,0 t=1133195307.107
ev 80 31918 MIDI follow=62bpm eng=12705 exp=12692 err=4294967283 f8=3173/3173 drop=0,0,0 t=1133195308.824
ev 81 32183 MIDI follow=61bpm eng=12938 exp=12836 err=4294967194 f8=3209/3209 drop=0,0,0 t=1133195310.237
ev 82 32489 MIDI follow=62bpm eng=13001 exp=12996 err=4294967291 f8=3249/3249 drop=0,0,0 t=1133195311.867
ev 83 32770 MIDI follow=61bpm eng=13254 exp=13148 err=4294967190 f8=3287/3287 drop=0,0,0 t=1133195313.364
ev 84 32984 MIDI follow=62bpm eng=13254 exp=13260 err=6 f8=3315/3315 drop=0,0,0 t=1133195314.505
ev 85 33213 MIDI follow=63bpm eng=13311 exp=13384 err=73 f8=3346/3346 drop=0,0,0 t=1133195315.726
ev 86 33634 MIDI follow=61bpm eng=13718 exp=13608 err=4294967186 f8=3402/3402 drop=0,0,0 t=1133195317.968
ev 87 34250 MIDI follow=62bpm eng=14050 exp=13936 err=4294967182 f8=3484/3484 drop=0,0,0 t=1133195321.251
ev 88 35195 MIDI follow=64bpm eng=14327 exp=14440 err=113 f8=3610/3610 drop=0,0,0 t=1133195326.287
ev 89 35769 MIDI follow=63bpm eng=14715 exp=14748 err=33 f8=3687/3687 drop=0,0,0 t=1133195329.345
ev 90 36073 MIDI follow=62bpm eng=14934 exp=14908 err=4294967270 f8=3727/3727 drop=0,0,0 t=1133195330.965
ev 91 36269 MIDI follow=63bpm eng=14934 exp=15012 err=78 f8=3753/3753 drop=0,0,0 t=1133195332.011
ev 92 36720 MIDI follow=63bpm eng=15173 exp=15256 err=83 f8=3814/3814 drop=0,0,0 t=1133195334.415
ev 93 37103 MIDI follow=63bpm eng=15432 exp=15460 err=28 f8=3865/3865 drop=0,0,0 t=1133195336.456
ev 94 37745 MIDI follow=64bpm eng=15676 exp=15800 err=124 f8=3950/3950 drop=0,0,0 t=1133195339.877
ev 95 38087 MIDI follow=60bpm eng=16292 exp=15984 err=4294966988 f8=3996/3996 drop=0,0,0 t=1133195341.698
ev 96 38399 MIDI follow=61bpm eng=16292 exp=16148 err=4294967152 f8=4037/4037 drop=0,0,0 t=1133195343.361
ev 97 38710 MIDI follow=62bpm eng=16318 exp=16316 err=4294967294 f8=4079/4079 drop=0,0,0 t=1133195345.018
ev 98 39034 MIDI follow=61bpm eng=16621 exp=16488 err=4294967163 f8=4122/4122 drop=0,0,0 t=1133195346.746
ev 99 39420 MIDI follow=63bpm eng=16621 exp=16692 err=71 f8=4173/4173 drop=0,0,0 t=1133195348.804
ev 100 39830 MIDI follow=63bpm eng=16832 exp=16912 err=80 f8=4228/4228 drop=0,0,0 t=1133195350.988
ev 101 40135 MIDI follow=62bpm eng=17092 exp=17076 err=4294967280 f8=4269/4269 drop=0,0,0 t=1133195352.613
ev 102 40458 MIDI follow=62bpm eng=17290 exp=17248 err=4294967254 f8=4312/4312 drop=0,0,0 t=1133195354.335
ev 103 40781 MIDI follow=61bpm eng=17561 exp=17420 err=4294967155 f8=4355/4355 drop=0,0,0 t=1133195356.056
ev 104 41089 MIDI follow=63bpm eng=17561 exp=17584 err=23 f8=4396/4396 drop=0,0,0 t=1133195357.697
ev 105 41512 MIDI follow=61bpm eng=17954 exp=17808 err=4294967150 f8=4452/4452 drop=0,0,0 t=1133195359.952
ev 106 41724 MIDI follow=61bpm eng=18068 exp=17924 err=4294967152 f8=4481/4481 drop=0,0,0 t=1133195361.081
ev 107 42793 MIDI follow=61bpm eng=18642 exp=18492 err=4294967146 f8=4623/4623 drop=0,0,0 t=1133195366.779
ev 108 43830 MIDI follow=64bpm eng=18895 exp=19048 err=153 f8=4762/4762 drop=0,0,0 t=1133195372.304
ev 109 44141 MIDI follow=60bpm eng=19506 exp=19212 err=4294967002 f8=4803/4803 drop=0,0,0 t=1133195373.963
ev 110 44453 MIDI follow=61bpm eng=19506 exp=19376 err=4294967166 f8=4844/4844 drop=0,0,0 t=1133195375.624
ev 111 44759 MIDI follow=62bpm eng=19562 exp=19540 err=4294967274 f8=4885/4885 drop=0,0,0 t=1133195377.258
ev 112 45231 MIDI follow=61bpm eng=19953 exp=19792 err=4294967135 f8=4948/4948 drop=0,0,0 t=1133195379.771
ev 113 45542 MIDI follow=62bpm eng=19953 exp=19956 err=3 f8=4989/4989 drop=0,0,0 t=1133195381.429
ev 114 46117 MIDI follow=63bpm eng=20249 exp=20264 err=15 f8=5066/5066 drop=0,0,0 t=1133195384.492
ev 115 46373 MIDI follow=61bpm eng=20567 exp=20400 err=4294967129 f8=5100/5100 drop=0,0,0 t=1133195385.857
ev 116 47063 MIDI follow=61bpm eng=20938 exp=20768 err=4294967126 f8=5192/5192 drop=0,0,0 t=1133195389.535
ev 117 48090 MIDI follow=61bpm eng=21490 exp=21316 err=4294967122 f8=5329/5329 drop=0,0,0 t=1133195395.007
ev 118 48414 MIDI follow=61bpm eng=21664 exp=21488 err=4294967120 f8=5372/5372 drop=0,0,0 t=1133195396.733
ev 119 48960 MIDI follow=61bpm eng=21958 exp=21776 err=4294967114 f8=5444/5444 drop=0,0,0 t=1133195399.643
ev 120 49428 MIDI follow=63bpm eng=21958 exp=22028 err=70 f8=5507/5507 drop=0,0,0 t=1133195402.137
ev 121 49984 MIDI follow=63bpm eng=22244 exp=22324 err=80 f8=5581/5581 drop=0,0,0 t=1133195405.100
ev 122 50805 MIDI follow=60bpm eng=22950 exp=22760 err=4294967106 f8=5690/5690 drop=0,0,0 t=1133195409.478
ev 123 51263 MIDI follow=63bpm eng=22950 exp=23008 err=58 f8=5752/5752 drop=0,0,0 t=1133195411.917
ev 124 51845 MIDI follow=63bpm eng=23216 exp=23316 err=100 f8=5829/5829 drop=0,0,0 t=1133195415.018
ev 125 52164 MIDI follow=61bpm eng=23652 exp=23488 err=4294967132 f8=5872/5872 drop=0,0,0 t=1133195416.719
ev 126 52474 MIDI follow=63bpm eng=23652 exp=23652 err=0 f8=5913/5913 drop=0,0,0 t=1133195418.370
ev 127 52721 MIDI follow=60bpm eng=23980 exp=23784 err=4294967100 f8=5946/5946 drop=0,0,0 t=1133195419.686
ev 128 53027 MIDI follow=62bpm eng=23980 exp=23944 err=4294967260 f8=5986/5986 drop=0,0,0 t=1133195421.318
ev 129 53362 MIDI follow=64bpm eng=23980 exp=24124 err=144 f8=6031/6031 drop=0,0,0 t=1133195423.102
ev 130 53858 MIDI follow=61bpm eng=24686 exp=24388 err=4294966998 f8=6097/6097 drop=0,0,0 t=1133195425.745
ev 131 54177 MIDI follow=61bpm eng=24686 exp=24556 err=4294967166 f8=6139/6139 drop=0,0,0 t=1133195427.445
ev 132 54496 MIDI follow=62bpm eng=24807 exp=24728 err=4294967217 f8=6182/6182 drop=0,0,0 t=1133195429.147
ev 133 54696 MIDI follow=61bpm eng=25041 exp=24836 err=4294967091 f8=6209/6209 drop=0,0,0 t=1133195430.212
ev 134 55240 MIDI follow=61bpm eng=25334 exp=25124 err=4294967086 f8=6281/6281 drop=0,0,0 t=1133195433.110
ev 135 55559 MIDI follow=62bpm eng=25334 exp=25292 err=4294967254 f8=6323/6323 drop=0,0,0 t=1133195434.811
ev 136 55957 MIDI follow=61bpm eng=25719 exp=25504 err=4294967081 f8=6376/6376 drop=0,0,0 t=1133195436.933
ev 137 56273 MIDI follow=62bpm eng=25719 exp=25672 err=4294967249 f8=6418/6418 drop=0,0,0 t=1133195438.615
ev 138 56633 MIDI follow=60bpm eng=26083 exp=25864 err=4294967077 f8=6466/6466 drop=0,0,0 t=1133195440.536
ev 139 56949 MIDI follow=62bpm eng=26083 exp=26032 err=4294967245 f8=6508/6508 drop=0,0,0 t=1133195442.217
ev 140 57212 MIDI follow=60bpm eng=26394 exp=26176 err=4294967078 f8=6544/6544 drop=0,0,0 t=1133195443.619
ev 141 57625 MIDI follow=63bpm eng=26394 exp=26396 err=2 f8=6599/6599 drop=0,0,0 t=1133195445.820
ev 142 58014 MIDI follow=60bpm eng=26825 exp=26604 err=4294967075 f8=6651/6651 drop=0,0,0 t=1133195447.893
ev 143 58327 MIDI follow=62bpm eng=26825 exp=26768 err=4294967239 f8=6692/6692 drop=0,0,0 t=1133195449.562
ev 144 58557 MIDI follow=63bpm eng=26825 exp=26892 err=67 f8=6723/6723 drop=0,0,0 t=1133195450.786
ev 145 59018 MIDI follow=60bpm eng=27365 exp=27136 err=4294967067 f8=6784/6784 drop=0,0,0 t=1133195453.245
ev 146 59306 MIDI follow=62bpm eng=27365 exp=27292 err=4294967223 f8=6823/6823 drop=0,0,0 t=1133195454.778
ev 147 59634 MIDI follow=61bpm eng=27696 exp=27464 err=4294967064 f8=6866/6866 drop=0,0,0 t=1133195456.528
ev 148 59950 MIDI follow=62bpm eng=27696 exp=27632 err=4294967232 f8=6908/6908 drop=0,0,0 t=1133195458.210
ev 149 60310 MIDI follow=60bpm eng=28059 exp=27824 err=4294967061 f8=6956/6956 drop=0,0,0 t=1133195460.131
ev 150 60636 MIDI follow=62bpm eng=28059 exp=28000 err=4294967237 f8=7000/7000 drop=0,0,0 t=1133195461.866
ev 151 61155 MIDI follow=60bpm eng=28514 exp=28276 err=4294967058 f8=7069/7069 drop=0,0,0 t=1133195464.634
ev 152 61727 MIDI follow=63bpm eng=28514 exp=28580 err=66 f8=7145/7145 drop=0,0,0 t=1133195467.680
ev 153 62031 MIDI follow=62bpm eng=28875 exp=28740 err=4294967161 f8=7185/7185 drop=0,0,0 t=1133195469.300
ev 154 62416 MIDI follow=63bpm eng=28875 exp=28948 err=73 f8=7237/7237 drop=0,0,0 t=1133195471.352
ev 155 62836 MIDI follow=60bpm eng=29417 exp=29172 err=4294967051 f8=7293/7293 drop=0,0,0 t=1133195473.590
ev 156 63143 MIDI follow=62bpm eng=29417 exp=29336 err=4294967215 f8=7334/7334 drop=0,0,0 t=1133195475.226
ev 157 63468 MIDI follow=62bpm eng=29516 exp=29508 err=4294967288 f8=7377/7377 drop=0,0,0 t=1133195476.958
ev 158 64235 MIDI follow=60bpm eng=30170 exp=29916 err=4294967042 f8=7479/7479 drop=0,0,0 t=1133195481.047
ev 159 64409 MIDI intent=3 seek=0
ev 160 64412 TR STOP
ev 161 64547 MIDI follow=61bpm eng=30170 exp=30000 err=4294967126 f8=7500/7500 drop=0,0,0 t=1133195482.709
ev 162 64847 MIDI follow=61bpm eng=30170 exp=30000 err=4294967126 f8=7500/7500 drop=0,0,0 t=1133195484.310
ev 163 65148 MIDI follow=61bpm eng=30170 exp=30000 err=4294967126 f8=7500/7500 drop=0,0,0 t=1133195485.911
ev 164 65448 MIDI follow=61bpm eng=30170 exp=30000 err=4294967126 f8=7500/7500 drop=0,0,0 t=1133195487.513
ev 165 65749 MIDI follow=61bpm eng=30170 exp=30000 err=4294967126 f8=7500/7500 drop=0,0,0 t=1133195489.114
ev 166 66049 MIDI follow=61bpm eng=30170 exp=30000 err=4294967126 f8=7500/7500 drop=0,0,0 t=1133195490.715
ev 167 66350 MIDI follow=61bpm eng=30170 exp=30000 err=4294967126 f8=7500/7500 drop=0,0,0 t=1133195492.317
ev 168 66650 MIDI follow=61bpm eng=30170 exp=30000 err=4294967126 f8=7500/7500 drop=0,0,0 t=1133195493.918
ev 169 66955 MIDI follow=61bpm eng=30170 exp=30000 err=4294967126 f8=7500/7500 drop=0,0,0 t=1133195495.540
