ev 1 0 RUN frames=256 vol=RAM: build=5ccd1f6
ev 2 2 SKIN installed=3 dir=SYS:Classes/ReIncarnation/Mods/
ev 3 2 SKIN sync=0 zoom=0 current=Classic
ev 4 26 PAT c=1 inst=0 sel=1
ev 5 26 PAT c=2 inst=1 sel=0
ev 6 26 PAT c=3 inst=2 sel=0
ev 7 26 PAT c=4 inst=3 sel=1
ev 8 26 PAT c=5 inst=4 sel=0
ev 9 26 SONG load SYS:Classes/ReIncarnation/Songs/zombie-nation.rbng bars=151 bpm=140
ev 10 26 TR PLAY
ev 11 48928 TR STOP
ev 12 105813 MIDI push=44
ev 13 109108 MIDI intent=1 seek=0
ev 14 109356 TR PLAY
ev 15 109426 TR STOP
ev 16 186086 MIDI ignored=1
ev 17 186086 MIDI intent=3 seek=0
ev 18 186086 MIDI intent=4 seek=240
ev 19 186086 MIDI intent=2 seek=0
ev 20 186326 TR PLAY
ev 21 186396 TR STOP
ev 22 198298 MIDI intent=3 seek=0
