ev 1 0 RUN frames=256 vol=RAM: build=fd621e1
ev 2 2 SKIN installed=4 dir=SYS:Classes/ReIncarnation/Mods/
ev 3 2 SKIN sync=0 zoom=0 current=Classic
ev 4 10 SONG fail Vk4aros:ReIncarnation/songs/zombie-nation.rbng
ev 5 10 SONG fail Vk4aros:ReIncarnation/songs/local/zombie-nation.rbng
ev 6 11 PAT c=1 inst=0 sel=1
ev 7 12 PAT c=2 inst=1 sel=0
ev 8 12 PAT c=3 inst=2 sel=0
ev 9 12 PAT c=4 inst=3 sel=1
ev 10 12 PAT c=5 inst=4 sel=0
ev 11 15 SONG load Vk4aros:ReIncarnation/songs/local/zombie-nation/zombie-nation.rbng bars=151 bpm=140
ev 12 15 TR PLAY
ev 13 8307 MIDI push=44
ev 14 8307 MIDI intent=1 seek=0
ev 15 8307 MIDI locate=0
ev 16 8498 MIDI follow=61bpm sess=613 eng=229 smpl=48896 exp=104 err=4294967171 f8=26/26 drop=0,0,0 xr=0 t=1133196849.089
ev 17 8726 MIDI follow=61bpm sess=611 eng=349 smpl=107264 exp=228 err=4294967175 f8=57/57 drop=0,0,0 xr=0 t=1133196850.303
ev 18 9054 MIDI follow=61bpm sess=611 eng=524 smpl=191232 exp=400 err=4294967172 f8=100/100 drop=0,0,0 xr=0 t=1133196852.052
ev 19 9490 MIDI follow=61bpm sess=613 eng=753 smpl=302848 exp=636 err=4294967179 f8=159/159 drop=0,0,0 xr=0 t=1133196854.374
ev 20 9901 MIDI follow=61bpm sess=612 eng=973 smpl=408064 exp=856 err=4294967179 f8=214/214 drop=0,0,0 xr=0 t=1133196856.564
ev 21 10208 MIDI follow=61bpm sess=613 eng=1135 smpl=550904 exp=1020 err=4294967181 f8=255/255 drop=0,0,0 xr=0 t=1133196858.201
ev 22 10514 MIDI follow=61bpm sess=612 eng=1296 smpl=629240 exp=1184 err=4294967184 f8=296/296 drop=0,0,0 xr=0 t=1133196859.831
ev 23 11471 MIDI follow=61bpm sess=614 eng=1801 smpl=874232 exp=1696 err=4294967191 f8=424/424 drop=0,0,0 xr=0 t=1133196864.931
ev 24 11781 MIDI follow=61bpm sess=611 eng=1964 smpl=960516 exp=1860 err=4294967192 f8=465/465 drop=0,0,0 xr=0 t=1133196866.584
ev 25 12106 MIDI follow=61bpm sess=614 eng=2134 smpl=1043716 exp=2032 err=4294967194 f8=508/508 drop=0,0,0 xr=0 t=1133196868.315
ev 26 12453 MIDI follow=61bpm sess=613 eng=2318 smpl=1132548 exp=2216 err=4294967194 f8=554/554 drop=0,0,0 xr=0 t=1133196870.167
ev 27 12776 MIDI follow=62bpm sess=615 eng=2488 smpl=1215884 exp=2388 err=4294967196 f8=597/597 drop=0,0,0 xr=0 t=1133196871.888
ev 28 13054 MIDI follow=62bpm sess=615 eng=2636 smpl=1287052 exp=2536 err=4294967196 f8=634/634 drop=0,0,0 xr=0 t=1133196873.369
ev 29 13370 MIDI follow=61bpm sess=614 eng=2802 smpl=1367948 exp=2704 err=4294967198 f8=676/676 drop=0,0,0 xr=0 t=1133196875.051
ev 30 13689 MIDI follow=61bpm sess=610 eng=2970 smpl=1448852 exp=2876 err=4294967202 f8=719/719 drop=0,0,0 xr=0 t=1133196876.752
ev 31 14068 MIDI follow=62bpm sess=616 eng=3171 smpl=1545876 exp=3076 err=4294967201 f8=769/769 drop=0,0,0 xr=0 t=1133196878.772
ev 32 14296 MIDI follow=61bpm sess=614 eng=3291 smpl=1604244 exp=3200 err=4294967205 f8=800/800 drop=0,0,0 xr=0 t=1133196879.986
ev 33 14619 MIDI follow=61bpm sess=614 eng=3463 smpl=1686932 exp=3372 err=4294967205 f8=843/843 drop=0,0,0 xr=0 t=1133196881.707
ev 34 14947 MIDI follow=61bpm sess=614 eng=3638 smpl=1774459 exp=3544 err=4294967202 f8=886/886 drop=0,0,0 xr=0 t=1133196883.457
ev 35 15162 MIDI follow=62bpm sess=615 eng=3752 smpl=1829499 exp=3660 err=4294967204 f8=915/915 drop=0,0,0 xr=0 t=1133196884.601
ev 36 15623 MIDI follow=61bpm sess=614 eng=3996 smpl=1947515 exp=3904 err=4294967204 f8=976/976 drop=0,0,0 xr=0 t=1133196887.060
ev 37 16189 MIDI follow=61bpm sess=614 eng=4295 smpl=2097648 exp=4208 err=4294967209 f8=1052/1052 drop=0,0,0 xr=0 t=1133196890.074
ev 38 16517 MIDI follow=61bpm sess=614 eng=4469 smpl=2181616 exp=4380 err=4294967207 f8=1095/1095 drop=0,0,0 xr=0 t=1133196891.823
ev 39 16836 MIDI follow=61bpm sess=614 eng=4638 smpl=2258915 exp=4552 err=4294967210 f8=1138/1138 drop=0,0,0 xr=0 t=1133196893.525
ev 40 17152 MIDI follow=61bpm sess=613 eng=4804 smpl=2339811 exp=4720 err=4294967212 f8=1180/1180 drop=0,0,0 xr=0 t=1133196895.206
ev 41 17516 MIDI follow=62bpm sess=615 eng=4998 smpl=2432995 exp=4912 err=4294967210 f8=1228/1228 drop=0,0,0 xr=0 t=1133196897.148
ev 42 17804 MIDI follow=62bpm sess=615 eng=5150 smpl=2506723 exp=5068 err=4294967214 f8=1267/1267 drop=0,0,0 xr=0 t=1133196898.681
ev 43 18127 MIDI follow=62bpm sess=615 eng=5320 smpl=2572865 exp=5240 err=4294967216 f8=1310/1310 drop=0,0,0 xr=0 t=1133196900.402
ev 44 18452 MIDI follow=62bpm sess=615 eng=5494 smpl=2656065 exp=5412 err=4294967214 f8=1353/1353 drop=0,0,0 xr=0 t=1133196902.134
ev 45 18692 MIDI follow=62bpm sess=617 eng=5620 smpl=2717505 exp=5540 err=4294967216 f8=1385/1385 drop=0,0,0 xr=0 t=1133196903.413
ev 46 19011 MIDI follow=62bpm sess=615 eng=5789 smpl=2811789 exp=5708 err=4294967215 f8=1427/1427 drop=0,0,0 xr=0 t=1133196905.114
ev 47 19330 MIDI follow=62bpm sess=615 eng=5957 smpl=2893453 exp=5880 err=4294967219 f8=1470/1470 drop=0,0,0 xr=0 t=1133196906.815
ev 48 19646 MIDI follow=62bpm sess=617 eng=6124 smpl=2973523 exp=6048 err=4294967220 f8=1512/1512 drop=0,0,0 xr=0 t=1133196908.498
ev 49 19965 MIDI follow=62bpm sess=616 eng=6292 smpl=3055187 exp=6216 err=4294967220 f8=1554/1554 drop=0,0,0 xr=0 t=1133196910.200
ev 50 20284 MIDI follow=62bpm sess=615 eng=6460 smpl=3140216 exp=6388 err=4294967224 f8=1597/1597 drop=0,0,0 xr=0 t=1133196911.899
ev 51 20600 MIDI follow=62bpm sess=618 eng=6626 smpl=3221112 exp=6556 err=4294967226 f8=1639/1639 drop=0,0,0 xr=0 t=1133196913.581
ev 52 20923 MIDI follow=62bpm sess=621 eng=6797 smpl=3307472 exp=6728 err=4294967227 f8=1682/1682 drop=0,0,0 xr=0 t=1133196915.303
ev 53 21302 MIDI follow=62bpm sess=616 eng=6997 smpl=3404496 exp=6928 err=4294967227 f8=1732/1732 drop=0,0,0 xr=0 t=1133196917.324
ev 54 21621 MIDI follow=62bpm sess=616 eng=7165 smpl=3486160 exp=7100 err=4294967231 f8=1775/1775 drop=0,0,0 xr=0 t=1133196919.025
ev 55 22023 MIDI follow=62bpm sess=616 eng=7380 smpl=3586523 exp=7312 err=4294967228 f8=1828/1828 drop=0,0,0 xr=0 t=1133196921.167
ev 56 22311 MIDI follow=62bpm sess=617 eng=7532 smpl=3660251 exp=7468 err=4294967232 f8=1867/1867 drop=0,0,0 xr=0 t=1133196922.700
ev 57 22561 MIDI follow=62bpm sess=618 eng=7664 smpl=3724251 exp=7604 err=4294967236 f8=1901/1901 drop=0,0,0 xr=0 t=1133196924.032
ev 58 22775 MIDI follow=62bpm sess=617 eng=7778 smpl=3779035 exp=7716 err=4294967234 f8=1929/1929 drop=0,0,0 xr=0 t=1133196925.172
ev 59 23083 MIDI follow=61bpm sess=614 eng=7940 smpl=3857883 exp=7880 err=4294967236 f8=1970/1970 drop=0,0,0 xr=0 t=1133196926.814
ev 60 23389 MIDI follow=62bpm sess=617 eng=8102 smpl=3936219 exp=8044 err=4294967238 f8=2011/2011 drop=0,0,0 xr=0 t=1133196928.444
ev 61 23717 MIDI follow=62bpm sess=617 eng=8277 smpl=4007629 exp=8216 err=4294967235 f8=2054/2054 drop=0,0,0 xr=0 t=1133196930.194
ev 62 24036 MIDI follow=62bpm sess=616 eng=8446 smpl=4089293 exp=8388 err=4294967238 f8=2097/2097 drop=0,0,0 xr=0 t=1133196931.895
ev 63 24637 MIDI follow=62bpm sess=617 eng=8767 smpl=4249667 exp=8708 err=4294967237 f8=2177/2177 drop=0,0,0 xr=0 t=1133196935.097
ev 64 25004 MIDI follow=62bpm sess=617 eng=8961 smpl=4343619 exp=8904 err=4294967239 f8=2226/2226 drop=0,0,0 xr=0 t=1133196937.051
ev 65 25327 MIDI follow=62bpm sess=617 eng=9134 smpl=4426307 exp=9076 err=4294967238 f8=2269/2269 drop=0,0,0 xr=0 t=1133196938.773
ev 66 25867 MIDI follow=62bpm sess=616 eng=9423 smpl=4564547 exp=9364 err=4294967237 f8=2341/2341 drop=0,0,0 xr=0 t=1133196941.650
ev 67 26320 MIDI follow=63bpm sess=626 eng=9663 smpl=4683798 exp=9604 err=4294967237 f8=2401/2401 drop=0,0,0 xr=0 t=1133196944.064
ev 68 26516 MIDI follow=62bpm sess=617 eng=9768 smpl=4733974 exp=9708 err=4294967236 f8=2427/2427 drop=0,0,0 xr=0 t=1133196945.109
ev 69 26820 MIDI follow=62bpm sess=618 eng=9929 smpl=4811798 exp=9868 err=4294967235 f8=2467/2467 drop=0,0,0 xr=0 t=1133196946.727
ev 70 27151 MIDI follow=62bpm sess=619 eng=10103 smpl=4890980 exp=10048 err=4294967241 f8=2512/2512 drop=0,0,0 xr=0 t=1133196948.493
ev 71 27770 MIDI follow=62bpm sess=619 eng=10434 smpl=5049444 exp=10376 err=4294967238 f8=2594/2594 drop=0,0,0 xr=0 t=1133196951.791
ev 72 28025 MIDI follow=62bpm sess=618 eng=10569 smpl=5114724 exp=10512 err=4294967239 f8=2628/2628 drop=0,0,0 xr=0 t=1133196953.152
ev 73 28481 MIDI follow=62bpm sess=618 eng=10812 smpl=5184312 exp=10756 err=4294967240 f8=2689/2689 drop=0,0,0 xr=0 t=1133196955.580
ev 74 28803 MIDI follow=63bpm sess=625 eng=10984 smpl=5266744 exp=10924 err=4294967236 f8=2731/2731 drop=0,0,0 xr=0 t=1133196957.296
ev 75 29285 MIDI follow=62bpm sess=619 eng=11239 smpl=5390136 exp=11184 err=4294967241 f8=2796/2796 drop=0,0,0 xr=0 t=1133196959.864
ev 76 29744 MIDI follow=62bpm sess=618 eng=11484 smpl=5507640 exp=11428 err=4294967240 f8=2857/2857 drop=0,0,0 xr=0 t=1133196962.311
ev 77 30054 MIDI follow=62bpm sess=617 eng=11648 smpl=5638330 exp=11592 err=4294967240 f8=2898/2898 drop=0,0,0 xr=0 t=1133196963.963
ev 78 30283 MIDI follow=62bpm sess=619 eng=11769 smpl=5696954 exp=11716 err=4294967243 f8=2929/2929 drop=0,0,0 xr=0 t=1133196965.183
ev 79 30677 MIDI follow=62bpm sess=619 eng=11978 smpl=5797818 exp=11924 err=4294967242 f8=2981/2981 drop=0,0,0 xr=0 t=1133196967.283
ev 80 30930 MIDI follow=62bpm sess=617 eng=12113 smpl=5862586 exp=12060 err=4294967243 f8=3015/3015 drop=0,0,0 xr=0 t=1133196968.631
ev 81 31248 MIDI follow=62bpm sess=619 eng=12281 smpl=5949766 exp=12228 err=4294967243 f8=3057/3057 drop=0,0,0 xr=0 t=1133196970.325
ev 82 31561 MIDI follow=62bpm sess=618 eng=12447 smpl=6029894 exp=12396 err=4294967245 f8=3099/3099 drop=0,0,0 xr=0 t=1133196971.994
ev 83 31883 MIDI follow=62bpm sess=619 eng=12617 smpl=6112326 exp=12568 err=4294967247 f8=3142/3142 drop=0,0,0 xr=0 t=1133196973.709
ev 84 32470 MIDI follow=62bpm sess=619 eng=12930 smpl=6259561 exp=12880 err=4294967246 f8=3220/3220 drop=0,0,0 xr=0 t=1133196976.839
ev 85 32869 MIDI follow=62bpm sess=619 eng=13141 smpl=6361705 exp=13092 err=4294967247 f8=3273/3273 drop=0,0,0 xr=0 t=1133196978.964
ev 86 33201 MIDI follow=62bpm sess=619 eng=13319 smpl=6446697 exp=13268 err=4294967245 f8=3317/3317 drop=0,0,0 xr=0 t=1133196980.734
ev 87 33506 MIDI follow=62bpm sess=619 eng=13480 smpl=6528464 exp=13432 err=4294967248 f8=3358/3358 drop=0,0,0 xr=0 t=1133196982.358
ev 88 33824 MIDI follow=62bpm sess=623 eng=13649 smpl=6609872 exp=13600 err=4294967247 f8=3400/3400 drop=0,0,0 xr=0 t=1133196984.056
ev 89 34468 MIDI follow=62bpm sess=618 eng=13992 smpl=6763659 exp=13944 err=4294967248 f8=3486/3486 drop=0,0,0 xr=0 t=1133196987.486
ev 90 34782 MIDI follow=62bpm sess=619 eng=14158 smpl=6844043 exp=14108 err=4294967246 f8=3527/3527 drop=0,0,0 xr=0 t=1133196989.160
ev 91 35094 MIDI follow=62bpm sess=619 eng=14324 smpl=6919839 exp=14276 err=4294967248 f8=3569/3569 drop=0,0,0 xr=0 t=1133196990.822
ev 92 35402 MIDI follow=62bpm sess=619 eng=14487 smpl=6998687 exp=14440 err=4294967249 f8=3610/3610 drop=0,0,0 xr=0 t=1133196992.463
ev 93 35745 MIDI follow=62bpm sess=619 eng=14668 smpl=7100292 exp=14624 err=4294967252 f8=3656/3656 drop=0,0,0 xr=0 t=1133196994.291
ev 94 35973 MIDI follow=62bpm sess=620 eng=14789 smpl=7158660 exp=14744 err=4294967251 f8=3686/3686 drop=0,0,0 xr=0 t=1133196995.507
ev 95 36283 MIDI follow=62bpm sess=619 eng=14953 smpl=7238020 exp=14912 err=4294967255 f8=3728/3728 drop=0,0,0 xr=0 t=1133196997.158
ev 96 36606 MIDI follow=62bpm sess=621 eng=15124 smpl=7320708 exp=15084 err=4294967256 f8=3771/3771 drop=0,0,0 xr=0 t=1133196998.880
ev 97 37017 MIDI follow=62bpm sess=620 eng=15344 smpl=7419307 exp=15300 err=4294967252 f8=3825/3825 drop=0,0,0 xr=0 t=1133197001.070
ev 98 37344 MIDI follow=62bpm sess=622 eng=15517 smpl=7503019 exp=15476 err=4294967255 f8=3869/3869 drop=0,0,0 xr=0 t=1133197002.812
ev 99 37687 MIDI follow=62bpm sess=617 eng=15700 smpl=7590827 exp=15660 err=4294967256 f8=3915/3915 drop=0,0,0 xr=0 t=1133197004.640
ev 100 38005 MIDI follow=62bpm sess=621 eng=15868 smpl=7672235 exp=15828 err=4294967256 f8=3957/3957 drop=0,0,0 xr=0 t=1133197006.334
ev 101 38453 MIDI follow=62bpm sess=620 eng=16106 smpl=7775054 exp=16068 err=4294967258 f8=4017/4017 drop=0,0,0 xr=0 t=1133197008.723
ev 102 38873 MIDI follow=62bpm sess=616 eng=16331 smpl=7882574 exp=16292 err=4294967257 f8=4073/4073 drop=0,0,0 xr=0 t=1133197010.963
ev 103 39270 MIDI follow=62bpm sess=620 eng=16541 smpl=7984206 exp=16504 err=4294967259 f8=4126/4126 drop=0,0,0 xr=0 t=1133197013.079
ev 104 39584 MIDI follow=62bpm sess=621 eng=16707 smpl=8065683 exp=16672 err=4294967261 f8=4168/4168 drop=0,0,0 xr=0 t=1133197014.750
ev 105 39872 MIDI follow=62bpm sess=619 eng=16860 smpl=8139411 exp=16824 err=4294967260 f8=4206/4206 drop=0,0,0 xr=0 t=1133197016.285
ev 106 40546 MIDI follow=62bpm sess=620 eng=17220 smpl=8311955 exp=17184 err=4294967260 f8=4296/4296 drop=0,0,0 xr=0 t=1133197019.876
ev 107 41051 MIDI follow=62bpm sess=621 eng=17491 smpl=8441235 exp=17452 err=4294967257 f8=4363/4363 drop=0,0,0 xr=0 t=1133197022.568
ev 108 41370 MIDI follow=62bpm sess=620 eng=17661 smpl=8552611 exp=17620 err=4294967255 f8=4405/4405 drop=0,0,0 xr=0 t=1133197024.268
ev 109 41689 MIDI follow=62bpm sess=620 eng=17830 smpl=8634275 exp=17792 err=4294967258 f8=4448/4448 drop=0,0,0 xr=0 t=1133197025.969
ev 110 42140 MIDI follow=62bpm sess=621 eng=18068 smpl=8749731 exp=18032 err=4294967260 f8=4508/4508 drop=0,0,0 xr=0 t=1133197028.371
ev 111 42530 MIDI follow=62bpm sess=620 eng=18279 smpl=8703830 exp=18240 err=4294967257 f8=4560/4560 drop=0,0,0 xr=0 t=1133197030.453
ev 112 42806 MIDI follow=62bpm sess=620 eng=18425 smpl=8774486 exp=18388 err=4294967259 f8=4597/4597 drop=0,0,0 xr=0 t=1133197031.920
ev 113 43184 MIDI follow=62bpm sess=619 eng=18627 smpl=8871254 exp=18588 err=4294967257 f8=4647/4647 drop=0,0,0 xr=0 t=1133197033.936
ev 114 43606 MIDI follow=62bpm sess=620 eng=18852 smpl=8979286 exp=18816 err=4294967260 f8=4704/4704 drop=0,0,0 xr=0 t=1133197036.183
ev 115 44115 MIDI follow=62bpm sess=621 eng=19125 smpl=9109590 exp=19084 err=4294967255 f8=4771/4771 drop=0,0,0 xr=0 t=1133197038.899
ev 116 44371 MIDI follow=62bpm sess=620 eng=19263 smpl=9175126 exp=19220 err=4294967253 f8=4805/4805 drop=0,0,0 xr=0 t=1133197040.261
ev 117 44966 MIDI follow=62bpm sess=620 eng=19578 smpl=9456952 exp=19540 err=4294967258 f8=4885/4885 drop=0,0,0 xr=0 t=1133197043.431
ev 118 45928 MIDI follow=62bpm sess=619 eng=20093 smpl=9703224 exp=20052 err=4294967255 f8=5013/5013 drop=0,0,0 xr=0 t=1133197048.558
ev 119 46245 MIDI follow=63bpm sess=627 eng=20261 smpl=9784376 exp=20220 err=4294967255 f8=5055/5055 drop=0,0,0 xr=0 t=1133197050.248
ev 120 46498 MIDI follow=62bpm sess=620 eng=20395 smpl=9849144 exp=20356 err=4294967257 f8=5089/5089 drop=0,0,0 xr=0 t=1133197051.595
ev 121 46859 MIDI follow=62bpm sess=620 eng=20586 smpl=9941560 exp=20548 err=4294967258 f8=5137/5137 drop=0,0,0 xr=0 t=1133197053.519
ev 122 47580 MIDI follow=62bpm sess=620 eng=20972 smpl=10137232 exp=20932 err=4294967256 f8=5233/5233 drop=0,0,0 xr=0 t=1133197057.361
ev 123 47973 MIDI follow=62bpm sess=621 eng=21180 smpl=10237840 exp=21140 err=4294967256 f8=5285/5285 drop=0,0,0 xr=0 t=1133197059.457
ev 124 48300 MIDI follow=62bpm sess=620 eng=21354 smpl=10276933 exp=21312 err=4294967254 f8=5328/5328 drop=0,0,0 xr=0 t=1133197061.198
ev 125 48630 MIDI follow=62bpm sess=620 eng=21529 smpl=10361413 exp=21488 err=4294967255 f8=5372/5372 drop=0,0,0 xr=0 t=1133197062.958
ev 126 49412 MIDI follow=62bpm sess=624 eng=21948 smpl=10561605 exp=21908 err=4294967256 f8=5477/5477 drop=0,0,0 xr=0 t=1133197067.125
ev 127 49633 MIDI follow=62bpm sess=620 eng=22065 smpl=10618181 exp=22024 err=4294967255 f8=5506/5506 drop=0,0,0 xr=0 t=1133197068.303
ev 128 49952 MIDI follow=62bpm sess=619 eng=22235 smpl=10726056 exp=22192 err=4294967253 f8=5548/5548 drop=0,0,0 xr=0 t=1133197070.004
ev 129 50168 MIDI follow=62bpm sess=620 eng=22349 smpl=10781352 exp=22308 err=4294967255 f8=5577/5577 drop=0,0,0 xr=0 t=1133197071.155
ev 130 50359 MIDI follow=62bpm sess=619 eng=22450 smpl=10830248 exp=22412 err=4294967258 f8=5603/5603 drop=0,0,0 xr=0 t=1133197072.172
ev 131 50624 MIDI follow=62bpm sess=619 eng=22590 smpl=10898088 exp=22552 err=4294967258 f8=5638/5638 drop=0,0,0 xr=0 t=1133197073.587
ev 132 50944 MIDI follow=62bpm sess=620 eng=22760 smpl=10980008 exp=22720 err=4294967256 f8=5680/5680 drop=0,0,0 xr=0 t=1133197075.290
ev 133 51283 MIDI follow=62bpm sess=620 eng=22941 smpl=11119895 exp=22904 err=4294967259 f8=5726/5726 drop=0,0,0 xr=0 t=1133197077.096
ev 134 51606 MIDI follow=62bpm sess=620 eng=23114 smpl=11202583 exp=23076 err=4294967258 f8=5769/5769 drop=0,0,0 xr=0 t=1133197078.817
ev 135 51913 MIDI follow=62bpm sess=621 eng=23277 smpl=11281175 exp=23240 err=4294967259 f8=5810/5810 drop=0,0,0 xr=0 t=1133197080.454
ev 136 52238 MIDI follow=62bpm sess=619 eng=23448 smpl=11364375 exp=23412 err=4294967260 f8=5853/5853 drop=0,0,0 xr=0 t=1133197082.186
ev 137 52803 MIDI follow=62bpm sess=621 eng=23748 smpl=11492211 exp=23712 err=4294967260 f8=5928/5928 drop=0,0,0 xr=0 t=1133197085.196
ev 138 53062 MIDI follow=62bpm sess=619 eng=23886 smpl=11558515 exp=23848 err=4294967258 f8=5962/5962 drop=0,0,0 xr=0 t=1133197086.576
ev 139 53381 MIDI follow=62bpm sess=623 eng=24056 smpl=11614198 exp=24020 err=4294967260 f8=6005/6005 drop=0,0,0 xr=0 t=1133197088.278
ev 140 53802 MIDI follow=63bpm sess=627 eng=24279 smpl=11721974 exp=24244 err=4294967261 f8=6061/6061 drop=0,0,0 xr=0 t=1133197090.520
ev 141 54131 MIDI follow=62bpm sess=620 eng=24455 smpl=11806198 exp=24420 err=4294967261 f8=6105/6105 drop=0,0,0 xr=0 t=1133197092.273
ev 142 54551 MIDI follow=62bpm sess=620 eng=24680 smpl=11913718 exp=24644 err=4294967260 f8=6161/6161 drop=0,0,0 xr=0 t=1133197094.511
ev 143 55009 MIDI follow=62bpm sess=619 eng=24925 smpl=12030966 exp=24888 err=4294967259 f8=6222/6222 drop=0,0,0 xr=0 t=1133197096.952
ev 144 55650 MIDI follow=62bpm sess=620 eng=25268 smpl=12230218 exp=25228 err=4294967256 f8=6307/6307 drop=0,0,0 xr=0 t=1133197100.368
ev 145 55906 MIDI follow=62bpm sess=619 eng=25405 smpl=12295754 exp=25364 err=4294967255 f8=6341/6341 drop=0,0,0 xr=0 t=1133197101.732
ev 146 56210 MIDI follow=62bpm sess=620 eng=25567 smpl=12350472 exp=25524 err=4294967253 f8=6381/6381 drop=0,0,0 xr=0 t=1133197103.352
ev 147 56535 MIDI follow=62bpm sess=620 eng=25739 smpl=12433672 exp=25700 err=4294967257 f8=6425/6425 drop=0,0,0 xr=0 t=1133197105.084
ev 148 57100 MIDI follow=62bpm sess=621 eng=26041 smpl=12578312 exp=26000 err=4294967255 f8=6500/6500 drop=0,0,0 xr=0 t=1133197108.095
ev 149 57489 MIDI follow=62bpm sess=619 eng=26250 smpl=12677896 exp=26208 err=4294967254 f8=6552/6552 drop=0,0,0 xr=0 t=1133197110.168
ev 150 57871 MIDI follow=62bpm sess=619 eng=26455 smpl=12775688 exp=26412 err=4294967253 f8=6603/6603 drop=0,0,0 xr=0 t=1133197112.204
ev 151 58177 MIDI follow=62bpm sess=619 eng=26618 smpl=12871127 exp=26572 err=4294967250 f8=6643/6643 drop=0,0,0 xr=0 t=1133197113.836
ev 152 58512 MIDI follow=62bpm sess=620 eng=26795 smpl=12956887 exp=26752 err=4294967253 f8=6688/6688 drop=0,0,0 xr=0 t=1133197115.620
ev 153 59008 MIDI follow=62bpm sess=621 eng=27057 smpl=13083863 exp=27016 err=4294967255 f8=6754/6754 drop=0,0,0 xr=0 t=1133197118.263
ev 154 59321 MIDI follow=62bpm sess=619 eng=27223 smpl=13163991 exp=27184 err=4294967257 f8=6796/6796 drop=0,0,0 xr=0 t=1133197119.931
ev 155 59722 MIDI follow=62bpm sess=619 eng=27437 smpl=13264118 exp=27396 err=4294967255 f8=6849/6849 drop=0,0,0 xr=0 t=1133197122.068
ev 156 60026 MIDI follow=62bpm sess=624 eng=27598 smpl=13341942 exp=27556 err=4294967254 f8=6889/6889 drop=0,0,0 xr=0 t=1133197123.688
ev 157 60351 MIDI follow=62bpm sess=619 eng=27770 smpl=13425142 exp=27732 err=4294967258 f8=6933/6933 drop=0,0,0 xr=0 t=1133197125.420
ev 158 60598 MIDI follow=62bpm sess=619 eng=27903 smpl=13465230 exp=27864 err=4294967257 f8=6966/6966 drop=0,0,0 xr=0 t=1133197126.736
ev 159 60999 MIDI follow=62bpm sess=619 eng=28117 smpl=13567886 exp=28076 err=4294967255 f8=7019/7019 drop=0,0,0 xr=0 t=1133197128.874
ev 160 61303 MIDI follow=63bpm sess=625 eng=28278 smpl=13645710 exp=28236 err=4294967254 f8=7059/7059 drop=0,0,0 xr=0 t=1133197130.494
ev 161 61628 MIDI follow=62bpm sess=619 eng=28451 smpl=13755238 exp=28412 err=4294967257 f8=7103/7103 drop=0,0,0 xr=0 t=1133197132.226
ev 162 62047 MIDI follow=62bpm sess=619 eng=28674 smpl=13862502 exp=28636 err=4294967258 f8=7159/7159 drop=0,0,0 xr=0 t=1133197134.458
ev 163 62370 MIDI follow=62bpm sess=619 eng=28845 smpl=13945190 exp=28808 err=4294967259 f8=7202/7202 drop=0,0,0 xr=0 t=1133197136.179
ev 164 62610 MIDI follow=62bpm sess=621 eng=28972 smpl=14006630 exp=28936 err=4294967260 f8=7234/7234 drop=0,0,0 xr=0 t=1133197137.458
ev 165 62922 MIDI follow=62bpm sess=620 eng=29138 smpl=14062777 exp=29104 err=4294967262 f8=7276/7276 drop=0,0,0 xr=0 t=1133197139.121
ev 166 63321 MIDI follow=62bpm sess=620 eng=29349 smpl=14164921 exp=29316 err=4294967263 f8=7329/7329 drop=0,0,0 xr=0 t=1133197141.247
ev 167 63626 MIDI follow=62bpm sess=621 eng=29511 smpl=14163675 exp=29476 err=4294967261 f8=7369/7369 drop=0,0,0 xr=0 t=1133197142.873
ev 168 63831 MIDI follow=62bpm sess=621 eng=29620 smpl=14216155 exp=29588 err=4294967264 f8=7397/7397 drop=0,0,0 xr=0 t=1133197143.965
ev 169 64231 MIDI follow=62bpm sess=620 eng=29832 smpl=14318555 exp=29800 err=4294967264 f8=7450/7450 drop=0,0,0 xr=0 t=1133197146.097
ev 170 64540 MIDI follow=62bpm sess=620 eng=29996 smpl=14397659 exp=29964 err=4294967264 f8=7491/7491 drop=0,0,0 xr=0 t=1133197147.746
ev 171 64619 MIDI intent=3 seek=0
ev 172 64628 TR STOP
ev 173 64845 MIDI follow=62bpm sess=620 eng=30043 smpl=14531359 exp=30000 err=4294967253 f8=7500/7500 drop=0,0,0 xr=0 t=1133197149.367
ev 174 65145 MIDI follow=62bpm sess=620 eng=30043 smpl=14531359 exp=30000 err=4294967253 f8=7500/7500 drop=0,0,0 xr=0 t=1133197150.969
ev 175 65445 MIDI follow=62bpm sess=620 eng=30043 smpl=14531359 exp=30000 err=4294967253 f8=7500/7500 drop=0,0,0 xr=0 t=1133197152.570
ev 176 65746 MIDI follow=62bpm sess=620 eng=30043 smpl=14531359 exp=30000 err=4294967253 f8=7500/7500 drop=0,0,0 xr=0 t=1133197154.171
ev 177 66046 MIDI follow=62bpm sess=620 eng=30043 smpl=14531359 exp=30000 err=4294967253 f8=7500/7500 drop=0,0,0 xr=0 t=1133197155.773
ev 178 66347 MIDI follow=62bpm sess=620 eng=30043 smpl=14531359 exp=30000 err=4294967253 f8=7500/7500 drop=0,0,0 xr=0 t=1133197157.374
ev 179 66647 MIDI follow=62bpm sess=620 eng=30043 smpl=14531359 exp=30000 err=4294967253 f8=7500/7500 drop=0,0,0 xr=0 t=1133197158.976
ev 180 66948 MIDI follow=62bpm sess=620 eng=30043 smpl=14531359 exp=30000 err=4294967253 f8=7500/7500 drop=0,0,0 xr=0 t=1133197160.577
ev 181 67252 MIDI follow=62bpm sess=620 eng=30043 smpl=14531359 exp=30000 err=4294967253 f8=7500/7500 drop=0,0,0 xr=0 t=1133197162.198
ev 182 67553 MIDI follow=62bpm sess=620 eng=30043 smpl=14531359 exp=30000 err=4294967253 f8=7500/7500 drop=0,0,0 xr=0 t=1133197163.800
