ev 1 0 RUN frames=256 vol=RAM: build=fd621e1
ev 2 2 SKIN installed=4 dir=SYS:Classes/ReIncarnation/Mods/
ev 3 2 SKIN sync=0 zoom=0 current=Classic
ev 4 10 SONG fail Vk4aros:ReIncarnation/songs/zombie-nation.rbng
ev 5 10 SONG fail Vk4aros:ReIncarnation/songs/local/zombie-nation.rbng
ev 6 11 PAT c=1 inst=0 sel=1
ev 7 12 PAT c=2 inst=1 sel=0
ev 8 12 PAT c=3 inst=2 sel=0
ev 9 12 PAT c=4 inst=3 sel=1
ev 10 12 PAT c=5 inst=4 sel=0
ev 11 15 SONG load Vk4aros:ReIncarnation/songs/local/zombie-nation/zombie-nation.rbng bars=151 bpm=140
ev 12 15 TR PLAY
ev 13 5841 TAB page=1 us=24243 page_us=22704 tabs_us=289 rail_us=1249 sec=4 art=4 bay=11 built=56 kept=0 fn=0 fb=0 fr=0 fl=0 mui=22704 xruns+0
ev 14 6550 TAB page=3 us=32784 page_us=28962 tabs_us=295 rail_us=3526 sec=6 art=21 bay=45 built=871 kept=0 fn=0 fb=0 fr=0 fl=0 mui=28962 xruns+0
ev 15 8969 CTL 1402=127
ev 16 8987 CTL 1402=126
ev 17 9000 CTL 1402=125
ev 18 9004 CTL 1402=124
ev 19 9024 CTL 1402=123
ev 20 9030 CTL 1402=122
ev 21 9035 CTL 1402=121
ev 22 9041 CTL 1402=120
ev 23 9048 CTL 1402=119
ev 24 9060 CTL 1402=118
ev 25 9067 CTL 1402=117
ev 26 9069 CTL 1402=116
ev 27 9071 CTL 1402=114
ev 28 9072 CTL 1402=113
ev 29 9074 CTL 1402=111
ev 30 9076 CTL 1402=109
ev 31 9078 CTL 1402=108
ev 32 9080 CTL 1402=105
ev 33 9082 CTL 1402=102
ev 34 9083 CTL 1402=96
ev 35 9085 CTL 1402=93
ev 36 9087 CTL 1402=83
ev 37 9089 CTL 1402=80
ev 38 9091 CTL 1402=77
ev 39 9093 CTL 1402=75
ev 40 9094 CTL 1402=73
ev 41 9178 CTL 1402=72
ev 42 9182 CTL 1402=71
ev 43 9183 CTL 1402=70
ev 44 9185 CTL 1402=69
ev 45 9187 CTL 1402=68
ev 46 9189 CTL 1402=67
ev 47 9191 CTL 1402=65
ev 48 9193 CTL 1402=64
ev 49 9194 CTL 1402=63
ev 50 9196 CTL 1402=62
ev 51 9198 CTL 1402=60
ev 52 9200 CTL 1402=59
ev 53 9202 CTL 1402=58
ev 54 9208 CTL 1402=57
ev 55 9241 CTL 1402=56
ev 56 9243 CTL 1402=55
ev 57 9245 CTL 1402=54
ev 58 9248 CTL 1402=52
ev 59 9254 CTL 1402=51
ev 60 9259 CTL 1402=50
ev 61 9263 CTL 1402=49
ev 62 9298 CTL 1402=50
ev 63 9304 CTL 1402=51
ev 64 9305 CTL 1402=52
ev 65 9310 CTL 1402=54
ev 66 9311 CTL 1402=56
ev 67 9313 CTL 1402=57
ev 68 9315 CTL 1402=58
ev 69 9317 CTL 1402=59
ev 70 9318 CTL 1402=61
ev 71 9320 CTL 1402=62
ev 72 9324 CTL 1402=63
ev 73 9328 CTL 1402=64
ev 74 9339 CTL 1402=65
ev 75 9346 CTL 1402=66
ev 76 9350 CTL 1402=67
ev 77 9352 CTL 1402=68
ev 78 9354 CTL 1402=69
ev 79 9369 CTL 1402=70
ev 80 9372 CTL 1402=71
ev 81 10104 MIDI push=44
ev 82 10104 MIDI intent=1 seek=0
ev 83 10104 MIDI locate=0
ev 84 10179 CTL 1407=1
ev 85 10179 MIDI push=1
ev 86 11563 CTL 1407=0
ev 87 11567 MIDI push=1
ev 88 11732 CTL 1407=1
ev 89 11732 MIDI push=1
ev 90 11891 CTL 1407=0
ev 91 11906 MIDI push=1
ev 92 22561 CTL 0803=1
ev 93 22561 MIDI push=1
ev 94 22800 CTL 0803=0
ev 95 22816 MIDI push=1
ev 96 23364 CTL 0803=1
ev 97 23364 MIDI push=1
ev 98 23775 CTL 0803=0
ev 99 23775 MIDI push=1
ev 100 24486 CTL 1407=1
ev 101 24486 MIDI push=1
ev 102 24997 CTL 1407=0
ev 103 24997 MIDI push=1
ev 104 25556 CTL 0707=1
ev 105 25569 MIDI push=1
ev 106 25715 CTL 0707=0
ev 107 25715 MIDI push=1
ev 108 26367 TAB page=2 us=32560 page_us=28359 tabs_us=3159 rail_us=1040 sec=1 art=3 bay=9 built=56 kept=0 fn=0 fb=0 fr=0 fl=0 mui=28359 xruns+0
ev 109 27181 CTL 0f05=1
ev 110 27200 CTL 0f05=2
ev 111 27217 CTL 0f05=3
ev 112 27252 CTL 0f05=4
ev 113 27261 CTL 0f05=5
ev 114 27267 CTL 0f05=6
ev 115 27272 CTL 0f05=7
ev 116 27281 CTL 0f05=8
ev 117 27317 CTL 0f05=10
ev 118 27324 CTL 0f05=11
ev 119 27355 CTL 0f05=12
ev 120 27382 CTL 0f05=17
ev 121 27395 CTL 0f05=18
ev 122 27413 CTL 0f05=19
ev 123 27420 CTL 0f05=20
ev 124 27425 CTL 0f05=21
ev 125 27434 CTL 0f05=23
ev 126 27447 CTL 0f05=25
ev 127 27457 CTL 0f05=26
ev 128 27480 CTL 0f05=27
ev 129 27487 CTL 0f05=28
ev 130 27492 CTL 0f05=29
ev 131 27497 CTL 0f05=30
ev 132 27508 CTL 0f05=31
ev 133 27535 CTL 0f05=33
ev 134 27549 CTL 0f05=35
ev 135 27560 CTL 0f05=36
ev 136 27592 CTL 0f05=37
ev 137 27603 CTL 0f05=39
ev 138 27618 CTL 0f05=41
ev 139 27651 CTL 0f05=42
ev 140 27695 CTL 0f05=44
ev 141 27705 CTL 0f05=45
ev 142 27774 CTL 0f05=46
ev 143 27782 CTL 0f05=47
ev 144 27796 CTL 0f05=48
ev 145 27804 CTL 0f05=49
ev 146 27810 CTL 0f05=50
ev 147 27859 CTL 0f05=52
ev 148 28739 CTL 1225=1
ev 149 28739 MIDI push=2
ev 150 28776 CTL 1225=2
ev 151 28776 MIDI push=2
ev 152 28804 CTL 1225=3
ev 153 28804 MIDI push=2
ev 154 28862 CTL 1225=4
ev 155 28862 MIDI push=2
ev 156 29015 CTL 1225=3
ev 157 29015 MIDI push=2
ev 158 29029 CTL 1225=1
ev 159 29029 MIDI push=2
ev 160 29037 CTL 1225=0
ev 161 29037 MIDI push=2
ev 162 29360 MIDI follow=60bpm sess=603 eng=23005 smpl=4929536 exp=10272 err=4294954563 f8=2568/2568 drop=0,0,0 xr=0 t=1133207287.413
ev 163 29683 MIDI follow=60bpm sess=604 eng=23175 smpl=5012224 exp=10444 err=4294954565 f8=2611/2611 drop=0,0,0 xr=0 t=1133207289.134
ev 164 29960 MIDI follow=60bpm sess=602 eng=23321 smpl=5083136 exp=10592 err=4294954567 f8=2648/2648 drop=0,0,0 xr=0 t=1133207290.611
ev 165 30335 MIDI follow=60bpm sess=603 eng=23519 smpl=5179136 exp=10792 err=4294954569 f8=2698/2698 drop=0,0,0 xr=0 t=1133207292.610
ev 166 30816 MIDI follow=61bpm sess=605 eng=23769 smpl=5302272 exp=11052 err=4294954579 f8=2763/2763 drop=0,0,0 xr=0 t=1133207295.175
ev 167 31132 MIDI follow=60bpm sess=600 eng=23932 smpl=11876848 exp=11220 err=4294954584 f8=2805/2805 drop=0,0,0 xr=0 t=1133207296.857
ev 168 31368 MIDI follow=60bpm sess=603 eng=24056 smpl=11937264 exp=11344 err=4294954584 f8=2836/2836 drop=0,0,0 xr=0 t=1133207298.115
ev 169 31716 MIDI follow=60bpm sess=603 eng=24238 smpl=12026352 exp=11532 err=4294954590 f8=2883/2883 drop=0,0,0 xr=0 t=1133207299.968
ev 170 32259 MIDI follow=60bpm sess=603 eng=24527 smpl=12165360 exp=11820 err=4294954589 f8=2955/2955 drop=0,0,0 xr=0 t=1133207302.861
ev 171 32563 MIDI follow=60bpm sess=604 eng=24686 smpl=12243184 exp=11984 err=4294954594 f8=2996/2996 drop=0,0,0 xr=0 t=1133207304.482
ev 172 32882 MIDI follow=61bpm sess=608 eng=24851 smpl=12332903 exp=12152 err=4294954597 f8=3038/3038 drop=0,0,0 xr=0 t=1133207306.182
ev 173 33216 MIDI follow=60bpm sess=603 eng=25026 smpl=12418407 exp=12328 err=4294954598 f8=3082/3082 drop=0,0,0 xr=0 t=1133207307.962
ev 174 33984 MIDI follow=60bpm sess=604 eng=25432 smpl=12615015 exp=12740 err=4294954604 f8=3185/3185 drop=0,0,0 xr=0 t=1133207312.054
ev 175 34429 MIDI follow=60bpm sess=604 eng=25667 smpl=12728935 exp=12976 err=4294954605 f8=3244/3244 drop=0,0,0 xr=0 t=1133207314.428
ev 176 34745 MIDI follow=60bpm sess=604 eng=25831 smpl=12818671 exp=13144 err=4294954609 f8=3286/3286 drop=0,0,0 xr=0 t=1133207316.109
ev 177 34944 MIDI follow=61bpm sess=611 eng=25937 smpl=12869615 exp=13252 err=4294954611 f8=3313/3313 drop=0,0,0 xr=0 t=1133207317.170
ev 178 35333 MIDI follow=60bpm sess=603 eng=26140 smpl=12969199 exp=13460 err=4294954616 f8=3365/3365 drop=0,0,0 xr=0 t=1133207319.244
ev 179 35661 MIDI follow=60bpm sess=603 eng=26313 smpl=13053167 exp=13632 err=4294954615 f8=3408/3408 drop=0,0,0 xr=0 t=1133207320.993
ev 180 35949 MIDI follow=60bpm sess=603 eng=26464 smpl=13126895 exp=13788 err=4294954620 f8=3447/3447 drop=0,0,0 xr=0 t=1133207322.526
ev 181 36157 MIDI follow=60bpm sess=604 eng=26575 smpl=13180143 exp=13900 err=4294954621 f8=3475/3475 drop=0,0,0 xr=0 t=1133207323.635
ev 182 36634 MIDI follow=60bpm sess=603 eng=26823 smpl=13323199 exp=14152 err=4294954625 f8=3538/3538 drop=0,0,0 xr=0 t=1133207326.176
ev 183 36953 MIDI follow=61bpm sess=609 eng=26988 smpl=13404863 exp=14324 err=4294954632 f8=3581/3581 drop=0,0,0 xr=0 t=1133207327.878
ev 184 37269 MIDI follow=60bpm sess=604 eng=27151 smpl=13480672 exp=14492 err=4294954637 f8=3623/3623 drop=0,0,0 xr=0 t=1133207329.560
ev 185 37550 MIDI follow=61bpm sess=605 eng=27298 smpl=13552608 exp=14640 err=4294954638 f8=3660/3660 drop=0,0,0 xr=0 t=1133207331.061
ev 186 37866 MIDI follow=60bpm sess=604 eng=27461 smpl=13633504 exp=14808 err=4294954643 f8=3702/3702 drop=0,0,0 xr=0 t=1133207332.742
ev 187 38198 MIDI follow=60bpm sess=603 eng=27635 smpl=13718496 exp=14988 err=4294954649 f8=3747/3747 drop=0,0,0 xr=0 t=1133207334.511
ev 188 38599 MIDI follow=60bpm sess=604 eng=27846 smpl=13834659 exp=15200 err=4294954650 f8=3800/3800 drop=0,0,0 xr=0 t=1133207336.648
ev 189 38903 MIDI follow=61bpm sess=609 eng=28003 smpl=13912483 exp=15360 err=4294954653 f8=3840/3840 drop=0,0,0 xr=0 t=1133207338.268
ev 190 39158 MIDI follow=60bpm sess=603 eng=28137 smpl=13977763 exp=15496 err=4294954655 f8=3874/3874 drop=0,0,0 xr=0 t=1133207339.628
ev 191 39477 MIDI follow=60bpm sess=603 eng=28302 smpl=13991346 exp=15668 err=4294954662 f8=3917/3917 drop=0,0,0 xr=0 t=1133207341.329
ev 192 39793 MIDI follow=60bpm sess=600 eng=28465 smpl=14072242 exp=15836 err=4294954667 f8=3959/3959 drop=0,0,0 xr=0 t=1133207343.011
ev 193 40112 MIDI follow=60bpm sess=603 eng=28629 smpl=14153906 exp=16004 err=4294954671 f8=4001/4001 drop=0,0,0 xr=0 t=1133207344.712
ev 194 40424 MIDI follow=60bpm sess=604 eng=28791 smpl=14321056 exp=16172 err=4294954677 f8=4043/4043 drop=0,0,0 xr=0 t=1133207346.373
ev 195 40770 MIDI follow=60bpm sess=600 eng=28976 smpl=14409632 exp=16356 err=4294954676 f8=4089/4089 drop=0,0,0 xr=0 t=1133207348.217
ev 196 41076 MIDI follow=60bpm sess=603 eng=29136 smpl=14487968 exp=16520 err=4294954680 f8=4130/4130 drop=0,0,0 xr=0 t=1133207349.848
ev 197 41398 MIDI follow=60bpm sess=603 eng=29306 smpl=14570400 exp=16692 err=4294954682 f8=4173/4173 drop=0,0,0 xr=0 t=1133207351.564
ev 198 41984 MIDI follow=61bpm sess=608 eng=29616 smpl=14717515 exp=17004 err=4294954684 f8=4251/4251 drop=0,0,0 xr=0 t=1133207354.687
ev 199 42216 MIDI follow=60bpm sess=604 eng=29738 smpl=14776907 exp=17128 err=4294954686 f8=4282/4282 drop=0,0,0 xr=0 t=1133207355.923
ev 200 42462 MIDI follow=61bpm sess=607 eng=29869 smpl=14839883 exp=17260 err=4294954687 f8=4315/4315 drop=0,0,0 xr=0 t=1133207357.236
ev 201 42879 MIDI follow=60bpm sess=603 eng=30092 smpl=14946635 exp=17484 err=4294954688 f8=4371/4371 drop=0,0,0 xr=0 t=1133207359.456
ev 202 43195 MIDI follow=60bpm sess=601 eng=30255 smpl=15027531 exp=17652 err=4294954693 f8=4413/4413 drop=0,0,0 xr=0 t=1133207361.142
ev 203 43511 MIDI follow=61bpm sess=607 eng=30418 smpl=15039565 exp=17820 err=4294954698 f8=4455/4455 drop=0,0,0 xr=0 t=1133207362.827
ev 204 43805 MIDI follow=60bpm sess=604 eng=30572 smpl=15114829 exp=17976 err=4294954700 f8=4494/4494 drop=0,0,0 xr=0 t=1133207364.391
ev 205 44187 MIDI follow=60bpm sess=600 eng=30774 smpl=15212621 exp=18180 err=4294954702 f8=4545/4545 drop=0,0,0 xr=0 t=1133207366.429
ev 206 44434 MIDI follow=60bpm sess=603 eng=30903 smpl=15275853 exp=18312 err=4294954705 f8=4578/4578 drop=0,0,0 xr=0 t=1133207367.743
ev 207 44784 MIDI follow=60bpm sess=602 eng=31090 smpl=15365453 exp=18500 err=4294954706 f8=4625/4625 drop=0,0,0 xr=0 t=1133207369.610
ev 208 45391 MIDI follow=62bpm sess=616 eng=31410 smpl=15520845 exp=18824 err=4294954710 f8=4706/4706 drop=0,0,0 xr=0 t=1133207372.843
ev 209 45953 MIDI follow=60bpm sess=604 eng=31709 smpl=15706559 exp=19124 err=4294954711 f8=4781/4781 drop=0,0,0 xr=0 t=1133207375.838
ev 210 46405 MIDI follow=60bpm sess=604 eng=31945 smpl=15822271 exp=19364 err=4294954715 f8=4841/4841 drop=0,0,0 xr=0 t=1133207378.246
ev 211 46712 MIDI follow=60bpm sess=600 eng=32103 smpl=15900863 exp=19528 err=4294954721 f8=4882/4882 drop=0,0,0 xr=0 t=1133207379.882
ev 212 47018 MIDI follow=60bpm sess=603 eng=32263 smpl=15979199 exp=19692 err=4294954725 f8=4923/4923 drop=0,0,0 xr=0 t=1133207381.514
ev 213 47327 MIDI follow=60bpm sess=600 eng=32423 smpl=16106623 exp=19856 err=4294954729 f8=4964/4964 drop=0,0,0 xr=0 t=1133207383.163
ev 214 47662 MIDI follow=61bpm sess=605 eng=32601 smpl=16192383 exp=20036 err=4294954731 f8=5009/5009 drop=0,0,0 xr=0 t=1133207384.945
ev 215 48051 MIDI follow=60bpm sess=603 eng=32809 smpl=16291967 exp=20244 err=4294954731 f8=5061/5061 drop=0,0,0 xr=0 t=1133207387.018
ev 216 48471 MIDI follow=60bpm sess=604 eng=33031 smpl=16399487 exp=20468 err=4294954733 f8=5117/5117 drop=0,0,0 xr=0 t=1133207389.256
ev 217 49093 MIDI follow=60bpm sess=604 eng=33356 smpl=16551676 exp=20800 err=4294954740 f8=5200/5200 drop=0,0,0 xr=0 t=1133207392.571
ev 218 49501 MIDI follow=60bpm sess=604 eng=33570 smpl=16656124 exp=21020 err=4294954746 f8=5255/5255 drop=0,0,0 xr=0 t=1133207394.745
ev 219 49826 MIDI follow=60bpm sess=603 eng=33742 smpl=16739324 exp=21192 err=4294954746 f8=5298/5298 drop=0,0,0 xr=0 t=1133207396.477
ev 220 50287 MIDI follow=61bpm sess=605 eng=33984 smpl=16863311 exp=21436 err=4294954748 f8=5359/5359 drop=0,0,0 xr=0 t=1133207398.936
ev 221 50742 MIDI follow=61bpm sess=605 eng=34221 smpl=16979791 exp=21680 err=4294954755 f8=5420/5420 drop=0,0,0 xr=0 t=1133207401.358
ev 222 51131 MIDI follow=60bpm sess=603 eng=34424 smpl=17079375 exp=21888 err=4294954760 f8=5472/5472 drop=0,0,0 xr=0 t=1133207403.432
ev 223 51611 MIDI follow=60bpm sess=604 eng=34681 smpl=17202255 exp=22144 err=4294954759 f8=5536/5536 drop=0,0,0 xr=0 t=1133207405.990
ev 224 52009 MIDI follow=60bpm sess=604 eng=34890 smpl=17304866 exp=22356 err=4294954762 f8=5589/5589 drop=0,0,0 xr=0 t=1133207408.110
ev 225 52571 MIDI follow=60bpm sess=604 eng=35187 smpl=17448738 exp=22652 err=4294954761 f8=5663/5663 drop=0,0,0 xr=0 t=1133207411.106
ev 226 52868 MIDI follow=61bpm sess=605 eng=35343 smpl=17524770 exp=22812 err=4294954765 f8=5703/5703 drop=0,0,0 xr=0 t=1133207412.689
ev 227 53121 MIDI follow=60bpm sess=604 eng=35478 smpl=17589538 exp=22948 err=4294954766 f8=5737/5737 drop=0,0,0 xr=0 t=1133207414.037
ev 228 53427 MIDI follow=61bpm sess=605 eng=35637 smpl=17540514 exp=23108 err=4294954767 f8=5777/5777 drop=0,0,0 xr=0 t=1133207415.668
ev 229 53983 MIDI follow=60bpm sess=603 eng=35929 smpl=17682850 exp=23404 err=4294954771 f8=5851/5851 drop=0,0,0 xr=0 t=1133207418.632
ev 230 54211 MIDI follow=60bpm sess=603 eng=36049 smpl=17741218 exp=23528 err=4294954775 f8=5882/5882 drop=0,0,0 xr=0 t=1133207419.845
ev 231 54691 MIDI follow=60bpm sess=604 eng=36304 smpl=17864098 exp=23784 err=4294954776 f8=5946/5946 drop=0,0,0 xr=0 t=1133207422.403
ev 232 54959 MIDI follow=60bpm sess=604 eng=36442 smpl=18054050 exp=23924 err=4294954778 f8=5981/5981 drop=0,0,0 xr=0 t=1133207423.833
ev 233 55054 MIDI follow=60bpm sess=604 eng=36491 smpl=18078370 exp=23976 err=4294954781 f8=5994/5994 drop=0,0,0 xr=0 t=1133207424.338
ev 234 55200 MIDI follow=60bpm sess=600 eng=36567 smpl=18115746 exp=24052 err=4294954781 f8=6013/6013 drop=0,0,0 xr=0 t=1133207425.117
ev 235 55320 MIDI follow=60bpm sess=604 eng=36629 smpl=18146466 exp=24116 err=4294954783 f8=6029/6029 drop=0,0,0 xr=0 t=1133207425.757
ev 236 55433 MIDI follow=60bpm sess=604 eng=36687 smpl=18175394 exp=24176 err=4294954785 f8=6044/6044 drop=0,0,0 xr=0 t=1133207426.358
ev 237 55795 MIDI follow=60bpm sess=603 eng=36878 smpl=18359347 exp=24372 err=4294954790 f8=6093/6093 drop=0,0,0 xr=0 t=1133207428.286
ev 238 56045 MIDI follow=60bpm sess=603 eng=37009 smpl=18423347 exp=24504 err=4294954791 f8=6126/6126 drop=0,0,0 xr=0 t=1133207429.620
